../Drivers/STM32F0xx_HAL_Driver/Src/stm32f0xx_hal.c:141:19:HAL_Init	8	static
../Drivers/STM32F0xx_HAL_Driver/Src/stm32f0xx_hal.c:164:19:HAL_DeInit	8	static
../Drivers/STM32F0xx_HAL_Driver/Src/stm32f0xx_hal.c:186:13:HAL_MspInit	8	static
../Drivers/STM32F0xx_HAL_Driver/Src/stm32f0xx_hal.c:196:13:HAL_MspDeInit	8	static
../Drivers/STM32F0xx_HAL_Driver/Src/stm32f0xx_hal.c:218:26:HAL_InitTick	24	static
../Drivers/STM32F0xx_HAL_Driver/Src/stm32f0xx_hal.c:272:13:HAL_IncTick	8	static
../Drivers/STM32F0xx_HAL_Driver/Src/stm32f0xx_hal.c:282:17:HAL_GetTick	8	static
../Drivers/STM32F0xx_HAL_Driver/Src/stm32f0xx_hal.c:290:10:HAL_GetTickPrio	8	static
../Drivers/STM32F0xx_HAL_Driver/Src/stm32f0xx_hal.c:298:19:HAL_SetTickFreq	40	static
../Drivers/STM32F0xx_HAL_Driver/Src/stm32f0xx_hal.c:327:21:HAL_GetTickFreq	8	static
../Drivers/STM32F0xx_HAL_Driver/Src/stm32f0xx_hal.c:342:13:HAL_Delay	24	static
../Drivers/STM32F0xx_HAL_Driver/Src/stm32f0xx_hal.c:365:13:HAL_SuspendTick	8	static
../Drivers/STM32F0xx_HAL_Driver/Src/stm32f0xx_hal.c:382:13:HAL_ResumeTick	8	static
../Drivers/STM32F0xx_HAL_Driver/Src/stm32f0xx_hal.c:391:10:HAL_GetHalVersion	8	static
../Drivers/STM32F0xx_HAL_Driver/Src/stm32f0xx_hal.c:399:10:HAL_GetREVID	8	static
../Drivers/STM32F0xx_HAL_Driver/Src/stm32f0xx_hal.c:407:10:HAL_GetDEVID	8	static
../Drivers/STM32F0xx_HAL_Driver/Src/stm32f0xx_hal.c:415:10:HAL_GetUIDw0	8	static
../Drivers/STM32F0xx_HAL_Driver/Src/stm32f0xx_hal.c:423:10:HAL_GetUIDw1	8	static
../Drivers/STM32F0xx_HAL_Driver/Src/stm32f0xx_hal.c:431:10:HAL_GetUIDw2	8	static
../Drivers/STM32F0xx_HAL_Driver/Src/stm32f0xx_hal.c:439:6:HAL_DBGMCU_EnableDBGStopMode	8	static
../Drivers/STM32F0xx_HAL_Driver/Src/stm32f0xx_hal.c:447:6:HAL_DBGMCU_DisableDBGStopMode	8	static
../Drivers/STM32F0xx_HAL_Driver/Src/stm32f0xx_hal.c:455:6:HAL_DBGMCU_EnableDBGStandbyMode	8	static
../Drivers/STM32F0xx_HAL_Driver/Src/stm32f0xx_hal.c:463:6:HAL_DBGMCU_DisableDBGStandbyMode	8	static
